<a href="118-1824_IMG.JPG"><img border=0 src="mini/th_118-1824_IMG.JPG"></a>
<a href="118-1825_IMG.JPG"><img border=0 src="mini/th_118-1825_IMG.JPG"></a>
<a href="118-1826_IMG.JPG"><img border=0 src="mini/th_118-1826_IMG.JPG"></a>
<a href="118-1827_IMG.JPG"><img border=0 src="mini/th_118-1827_IMG.JPG"></a>
<a href="118-1828_IMG.JPG"><img border=0 src="mini/th_118-1828_IMG.JPG"></a>
<a href="118-1829_IMG.JPG"><img border=0 src="mini/th_118-1829_IMG.JPG"></a>
<a href="118-1830_IMG.JPG"><img border=0 src="mini/th_118-1830_IMG.JPG"></a>
<a href="118-1831_IMG.JPG"><img border=0 src="mini/th_118-1831_IMG.JPG"></a>
<a href="118-1832_IMG.JPG"><img border=0 src="mini/th_118-1832_IMG.JPG"></a>
<a href="118-1833_IMG.JPG"><img border=0 src="mini/th_118-1833_IMG.JPG"></a>
<a href="118-1834_IMG.JPG"><img border=0 src="mini/th_118-1834_IMG.JPG"></a>
<a href="118-1835_IMG.JPG"><img border=0 src="mini/th_118-1835_IMG.JPG"></a>
<a href="118-1836_IMG.JPG"><img border=0 src="mini/th_118-1836_IMG.JPG"></a>
<a href="118-1837_IMG.JPG"><img border=0 src="mini/th_118-1837_IMG.JPG"></a>
<a href="118-1838_IMG.JPG"><img border=0 src="mini/th_118-1838_IMG.JPG"></a>
<a href="118-1839_IMG.JPG"><img border=0 src="mini/th_118-1839_IMG.JPG"></a>
<a href="118-1840_IMG.JPG"><img border=0 src="mini/th_118-1840_IMG.JPG"></a>
<a href="118-1841_IMG.JPG"><img border=0 src="mini/th_118-1841_IMG.JPG"></a>
<a href="118-1842_IMG.JPG"><img border=0 src="mini/th_118-1842_IMG.JPG"></a>
<a href="118-1843_IMG.JPG"><img border=0 src="mini/th_118-1843_IMG.JPG"></a>
<a href="118-1844_IMG.JPG"><img border=0 src="mini/th_118-1844_IMG.JPG"></a>
<a href="118-1845_IMG.JPG"><img border=0 src="mini/th_118-1845_IMG.JPG"></a>
<a href="118-1846_IMG.JPG"><img border=0 src="mini/th_118-1846_IMG.JPG"></a>
<a href="118-1847_IMG.JPG"><img border=0 src="mini/th_118-1847_IMG.JPG"></a>
<a href="118-1848_IMG.JPG"><img border=0 src="mini/th_118-1848_IMG.JPG"></a>
<a href="118-1849_IMG.JPG"><img border=0 src="mini/th_118-1849_IMG.JPG"></a>
<a href="118-1850_IMG.JPG"><img border=0 src="mini/th_118-1850_IMG.JPG"></a>
<a href="118-1851_IMG.JPG"><img border=0 src="mini/th_118-1851_IMG.JPG"></a>
<a href="118-1852_IMG.JPG"><img border=0 src="mini/th_118-1852_IMG.JPG"></a>
<a href="118-1853_IMG.JPG"><img border=0 src="mini/th_118-1853_IMG.JPG"></a>
<a href="118-1854_IMG.JPG"><img border=0 src="mini/th_118-1854_IMG.JPG"></a>
<a href="118-1855_IMG.JPG"><img border=0 src="mini/th_118-1855_IMG.JPG"></a>
<a href="118-1856_IMG.JPG"><img border=0 src="mini/th_118-1856_IMG.JPG"></a>
<a href="118-1857_IMG.JPG"><img border=0 src="mini/th_118-1857_IMG.JPG"></a>
<a href="118-1858_IMG.JPG"><img border=0 src="mini/th_118-1858_IMG.JPG"></a>
<a href="118-1859_IMG.JPG"><img border=0 src="mini/th_118-1859_IMG.JPG"></a>
<a href="118-1860_IMG.JPG"><img border=0 src="mini/th_118-1860_IMG.JPG"></a>
<a href="118-1861_IMG.JPG"><img border=0 src="mini/th_118-1861_IMG.JPG"></a>
<a href="118-1862_IMG.JPG"><img border=0 src="mini/th_118-1862_IMG.JPG"></a>
<a href="118-1863_IMG.JPG"><img border=0 src="mini/th_118-1863_IMG.JPG"></a>
<a href="118-1864_IMG.JPG"><img border=0 src="mini/th_118-1864_IMG.JPG"></a>
<a href="118-1865_IMG.JPG"><img border=0 src="mini/th_118-1865_IMG.JPG"></a>
<a href="118-1866_IMG.JPG"><img border=0 src="mini/th_118-1866_IMG.JPG"></a>
<a href="118-1867_IMG.JPG"><img border=0 src="mini/th_118-1867_IMG.JPG"></a>
<a href="118-1868_IMG.JPG"><img border=0 src="mini/th_118-1868_IMG.JPG"></a>
<a href="118-1869_IMG.JPG"><img border=0 src="mini/th_118-1869_IMG.JPG"></a>
<a href="118-1870_IMG.JPG"><img border=0 src="mini/th_118-1870_IMG.JPG"></a>
<a href="118-1871_IMG.JPG"><img border=0 src="mini/th_118-1871_IMG.JPG"></a>
<a href="118-1872_IMG.JPG"><img border=0 src="mini/th_118-1872_IMG.JPG"></a>
<a href="118-1873_IMG.JPG"><img border=0 src="mini/th_118-1873_IMG.JPG"></a>
<a href="118-1874_IMG.JPG"><img border=0 src="mini/th_118-1874_IMG.JPG"></a>
<a href="118-1875_IMG.JPG"><img border=0 src="mini/th_118-1875_IMG.JPG"></a>
<a href="118-1876_IMG.JPG"><img border=0 src="mini/th_118-1876_IMG.JPG"></a>
<a href="118-1877_IMG.JPG"><img border=0 src="mini/th_118-1877_IMG.JPG"></a>
<a href="118-1878_IMG.JPG"><img border=0 src="mini/th_118-1878_IMG.JPG"></a>
<a href="118-1879_IMG.JPG"><img border=0 src="mini/th_118-1879_IMG.JPG"></a>
<a href="118-1880_IMG.JPG"><img border=0 src="mini/th_118-1880_IMG.JPG"></a>
<a href="118-1884_IMG.JPG"><img border=0 src="mini/th_118-1884_IMG.JPG"></a>
<a href="118-1885_IMG.JPG"><img border=0 src="mini/th_118-1885_IMG.JPG"></a>
<a href="118-1886_IMG.JPG"><img border=0 src="mini/th_118-1886_IMG.JPG"></a>
<a href="118-1887_IMG.JPG"><img border=0 src="mini/th_118-1887_IMG.JPG"></a>
<a href="118-1888_IMG.JPG"><img border=0 src="mini/th_118-1888_IMG.JPG"></a>
<a href="118-1889_IMG.JPG"><img border=0 src="mini/th_118-1889_IMG.JPG"></a>
<a href="118-1890_IMG.JPG"><img border=0 src="mini/th_118-1890_IMG.JPG"></a>
<a href="118-1891_IMG.JPG"><img border=0 src="mini/th_118-1891_IMG.JPG"></a>
<a href="118-1892_IMG.JPG"><img border=0 src="mini/th_118-1892_IMG.JPG"></a>
<a href="118-1893_IMG.JPG"><img border=0 src="mini/th_118-1893_IMG.JPG"></a>
<a href="118-1894_IMG.JPG"><img border=0 src="mini/th_118-1894_IMG.JPG"></a>
<a href="118-1895_IMG.JPG"><img border=0 src="mini/th_118-1895_IMG.JPG"></a>
<a href="118-1896_IMG.JPG"><img border=0 src="mini/th_118-1896_IMG.JPG"></a>
<a href="118-1897_IMG.JPG"><img border=0 src="mini/th_118-1897_IMG.JPG"></a>
<a href="118-1898_IMG.JPG"><img border=0 src="mini/th_118-1898_IMG.JPG"></a>
<a href="118-1899_IMG.JPG"><img border=0 src="mini/th_118-1899_IMG.JPG"></a>
<a href="118-1900_IMG.JPG"><img border=0 src="mini/th_118-1900_IMG.JPG"></a>
<a href="119-1901_IMG.JPG"><img border=0 src="mini/th_119-1901_IMG.JPG"></a>
<a href="119-1902_IMG.JPG"><img border=0 src="mini/th_119-1902_IMG.JPG"></a>
<a href="119-1903_IMG.JPG"><img border=0 src="mini/th_119-1903_IMG.JPG"></a>
<a href="119-1904_IMG.JPG"><img border=0 src="mini/th_119-1904_IMG.JPG"></a>
<a href="119-1905_IMG.JPG"><img border=0 src="mini/th_119-1905_IMG.JPG"></a>
<a href="119-1906_IMG.JPG"><img border=0 src="mini/th_119-1906_IMG.JPG"></a>
<a href="119-1907_IMG.JPG"><img border=0 src="mini/th_119-1907_IMG.JPG"></a>
<a href="119-1908_IMG.JPG"><img border=0 src="mini/th_119-1908_IMG.JPG"></a>
<a href="119-1909_IMG.JPG"><img border=0 src="mini/th_119-1909_IMG.JPG"></a>
<a href="119-1910_IMG.JPG"><img border=0 src="mini/th_119-1910_IMG.JPG"></a>
<a href="119-1911_IMG.JPG"><img border=0 src="mini/th_119-1911_IMG.JPG"></a>
<a href="119-1912_IMG.JPG"><img border=0 src="mini/th_119-1912_IMG.JPG"></a>
<a href="119-1913_IMG.JPG"><img border=0 src="mini/th_119-1913_IMG.JPG"></a>
<a href="119-1915_IMG.JPG"><img border=0 src="mini/th_119-1915_IMG.JPG"></a>
<a href="119-1916_IMG.JPG"><img border=0 src="mini/th_119-1916_IMG.JPG"></a>
<a href="119-1917_IMG.JPG"><img border=0 src="mini/th_119-1917_IMG.JPG"></a>
<a href="119-1918_IMG.JPG"><img border=0 src="mini/th_119-1918_IMG.JPG"></a>
<a href="119-1919_IMG.JPG"><img border=0 src="mini/th_119-1919_IMG.JPG"></a>
<a href="119-1920_IMG.JPG"><img border=0 src="mini/th_119-1920_IMG.JPG"></a>
<a href="119-1921_IMG.JPG"><img border=0 src="mini/th_119-1921_IMG.JPG"></a>
<a href="119-1922_IMG.JPG"><img border=0 src="mini/th_119-1922_IMG.JPG"></a>
<a href="119-1923_IMG.JPG"><img border=0 src="mini/th_119-1923_IMG.JPG"></a>
<a href="119-1924_IMG.JPG"><img border=0 src="mini/th_119-1924_IMG.JPG"></a>
<a href="119-1925_IMG.JPG"><img border=0 src="mini/th_119-1925_IMG.JPG"></a>
<a href="119-1926_IMG.JPG"><img border=0 src="mini/th_119-1926_IMG.JPG"></a>
<a href="119-1927_IMG.JPG"><img border=0 src="mini/th_119-1927_IMG.JPG"></a>
<a href="119-1928_IMG.JPG"><img border=0 src="mini/th_119-1928_IMG.JPG"></a>
<a href="119-1929_IMG.JPG"><img border=0 src="mini/th_119-1929_IMG.JPG"></a>
<a href="119-1930_IMG.JPG"><img border=0 src="mini/th_119-1930_IMG.JPG"></a>
<a href="119-1931_IMG.JPG"><img border=0 src="mini/th_119-1931_IMG.JPG"></a>
<a href="119-1932_IMG.JPG"><img border=0 src="mini/th_119-1932_IMG.JPG"></a>
<a href="119-1933_IMG.JPG"><img border=0 src="mini/th_119-1933_IMG.JPG"></a>
<a href="119-1935_IMG.JPG"><img border=0 src="mini/th_119-1935_IMG.JPG"></a>
<a href="119-1936_IMG.JPG"><img border=0 src="mini/th_119-1936_IMG.JPG"></a>
<a href="IMG_1937.JPG"><img border=0 src="mini/th_IMG_1937.JPG"></a>
<a href="IMG_1938.JPG"><img border=0 src="mini/th_IMG_1938.JPG"></a>
<a href="IMG_1939.JPG"><img border=0 src="mini/th_IMG_1939.JPG"></a>
